// Jest Snapshot v1, https://goo.gl/fbAQLP

exports[`<ItemCardWithAction /> it should mount and match to the snapshot 1`] = `"<div data-testid=\\"itemCardWithAction-1\\" class=\\"flex p-5 mt-3 items-center justify-between rounded border cursor-pointer border-solid border-[#00000014]\\" style=\\"gap: 10px; background-color: rgb(255, 255, 255);\\"><p class=\\"font-normal font-[500] text-base leading-6\\">Lorem Ipsum</p><div><img class=\\"min-h-3.5 min-w-3 left-1.25 top-4.5 rounded-none\\" src=\\"arrow-forward-icon.svg\\" alt=\\"forward action icon\\"></div></div>"`;
