// Jest Snapshot v1, https://goo.gl/fbAQLP

exports[`getOrganizationSettings should return default settings if it exists 1`] = `
Object {
  "isDefaultOrganization": true,
  "name": "Main",
  "theme": Object {
    "border": Object {
      "level1": "0.3px solid rgba(130, 130, 130, 0.5)",
    },
    "boxShadow": Object {
      "focus": Array [
        "box-shadow:0px 0px 10px ",
        "#AAE4FB",
        ";",
      ],
      "level1": Array [
        "box-shadow:0px 3px 10px rgba(0,0,0,0.07);",
      ],
      "level2": Array [
        "box-shadow:0px 6px 10px rgba(0,0,0,0.07);",
      ],
      "level3": Array [
        "box-shadow:0px 10px 20px rgba(0,0,0,0.07);",
      ],
      "level4": Array [
        "box-shadow:0px 14px 28px rgba(0,0,0,0.1);",
      ],
      "level5": Array [
        "box-shadow:0px 19px 38px rgba(0,0,0,0.15);",
      ],
    },
    "boxShadowFocus": Array [
      "&:focus{box-shadow:0px 0px 10px ",
      "#AAE4FB",
      ";}",
    ],
    "breakpoint": Object {
      "lg": 1200,
      "md": 768,
      "sm": 0,
      "xs": 0,
    },
    "color": Object {
      "a100": "#FFE0BC",
      "a200": "#FFC889",
      "a300": "#F5AB56",
      "a400": "#F99727",
      "b100": "#C4F8CC",
      "b200": "#93E8A1",
      "b300": "#70D280",
      "b400": "#44C058",
      "black": "#000000",
      "c100": "#E25F6D",
      "c200": "#FFFFFF",
      "c300": "#E8E8E6",
      "c400": "#9A9D9D",
      "c500": "#495151",
      "c600": "#d4d9d9",
      "d100": "#AAE4FB",
      "d200": "#87D4F3",
      "d300": "#5EC0E7",
      "d400": "#3FA9D3",
      "error1": "#FFE4E4",
      "error2": "#FD9490",
      "error3": "#FA605A",
      "error4": "#ED2C25",
      "font-tertiary": "#3C3C43CC",
      "fontPrimary": "#3A3A3A",
      "fontSecondary": "#9A9D9D",
      "g100": "#F6F6F8",
      "g200": "#DFE4ED",
      "g300": "#D0D0D8",
      "g400": "#7B7B8E",
      "g500": "#13171C",
      "g600": "#F2F2F7",
      "p100": "#F6FAFB",
      "p200": "#FCF7F7",
      "p300": "#E25F6D",
      "p400": "#535858",
      "p500": "#020A0A",
      "white": "#FFFFFF",
    },
    "fontWeight": Object {
      "bold": Array [
        "font-weight:700;",
      ],
      "book": Array [
        "font-weight:400;",
      ],
      "demi": Array [
        "font-weight:600;",
      ],
      "medium": Array [
        "font-weight:500;",
      ],
    },
    "layer": Object {
      "hidden": -1,
      "mobileSocialFooter": 70,
      "modal": 100,
      "navbar": 50,
      "newQuoteButton": 45,
      "popup": 90,
      "select": 5,
      "slideOut": 1101,
      "tooltip": 60,
      "welcomeModal": 1301,
    },
    "overrides": Object {
      "button": Object {
        "borderRadius": "32px",
      },
    },
    "query": Object {
      "desktop": "(min-width: 1200px)",
      "dpr2x": "(min-resolution: 2dppx), (min-resolution: 192dpi)",
      "max": Object {
        "lg": "(max-width: 1199.98px)",
        "md": "(max-width: 767.98px)",
        "sm": "(max-width: -0.02px)",
        "solve": [Function],
        "tablet": "(max-width: 1199.98px)",
        "xs": "(max-width: -0.02px)",
      },
      "min": Object {
        "lg": "(min-width: 1200px)",
        "md": "(min-width: 768px)",
        "sm": "(min-width: 0px)",
        "solve": [Function],
        "tablet": "(min-width: 768px)",
        "xs": "(min-width: 0px)",
      },
      "mobile": "(max-width: 767.98px)",
      "mobileDpr2x": "(max-width: 767.98px) and (min-resolution: 2dppx), (max-width: 767.98px) and (min-resolution: 192dpi)",
      "tablet": "(min-width: 768px) and (max-width: 1199.98px)",
    },
    "typo": Object {
      "bodyL": Array [
        "font-size:",
        "20px",
        ";font-family:",
        "Poppins",
        ";line-height:",
        "150%",
        ";",
      ],
      "bodyM": Array [
        "font-size:",
        "16px",
        ";font-family:",
        "Poppins",
        ";line-height:",
        "150%",
        ";",
      ],
      "bodyS": Array [
        "font-size:",
        "14px",
        ";font-family:",
        "Poppins",
        ";line-height:",
        "150%",
        ";",
      ],
      "bodyXS": Array [
        "font-size:",
        "12px",
        ";font-family:",
        "Poppins",
        ";line-height:",
        "150%",
        ";",
      ],
      "displayL": Array [
        "font-size:",
        "36px",
        ";font-family:",
        "Poppins",
        ";line-height:",
        "150%",
        ";",
      ],
      "displayM": Array [
        "font-size:",
        "26px",
        ";font-family:",
        "Poppins",
        ";line-height:",
        "150%",
        ";",
      ],
      "displayXL": Array [
        "font-size:",
        "48px",
        ";font-family:",
        "Poppins",
        ";line-height:",
        "150%",
        ";",
      ],
      "displayXXL": Array [
        "font-size:",
        "64px",
        ";font-family:",
        "Poppins",
        ";line-height:",
        "150%",
        ";",
      ],
    },
  },
}
`;

exports[`getOrganizationSettings should return organization settings if it exists 1`] = `
Object {
  "isDefaultOrganization": true,
  "name": "Main",
  "theme": Object {
    "border": Object {
      "level1": "0.3px solid rgba(130, 130, 130, 0.5)",
    },
    "boxShadow": Object {
      "focus": Array [
        "box-shadow:0px 0px 10px ",
        "#AAE4FB",
        ";",
      ],
      "level1": Array [
        "box-shadow:0px 3px 10px rgba(0,0,0,0.07);",
      ],
      "level2": Array [
        "box-shadow:0px 6px 10px rgba(0,0,0,0.07);",
      ],
      "level3": Array [
        "box-shadow:0px 10px 20px rgba(0,0,0,0.07);",
      ],
      "level4": Array [
        "box-shadow:0px 14px 28px rgba(0,0,0,0.1);",
      ],
      "level5": Array [
        "box-shadow:0px 19px 38px rgba(0,0,0,0.15);",
      ],
    },
    "boxShadowFocus": Array [
      "&:focus{box-shadow:0px 0px 10px ",
      "#AAE4FB",
      ";}",
    ],
    "breakpoint": Object {
      "lg": 1200,
      "md": 768,
      "sm": 0,
      "xs": 0,
    },
    "color": Object {
      "a100": "#FFE0BC",
      "a200": "#FFC889",
      "a300": "#F5AB56",
      "a400": "#F99727",
      "b100": "#C4F8CC",
      "b200": "#93E8A1",
      "b300": "#70D280",
      "b400": "#44C058",
      "black": "#000000",
      "c100": "#E25F6D",
      "c200": "#FFFFFF",
      "c300": "#E8E8E6",
      "c400": "#9A9D9D",
      "c500": "#495151",
      "c600": "#d4d9d9",
      "d100": "#AAE4FB",
      "d200": "#87D4F3",
      "d300": "#5EC0E7",
      "d400": "#3FA9D3",
      "error1": "#FFE4E4",
      "error2": "#FD9490",
      "error3": "#FA605A",
      "error4": "#ED2C25",
      "font-tertiary": "#3C3C43CC",
      "fontPrimary": "#3A3A3A",
      "fontSecondary": "#9A9D9D",
      "g100": "#F6F6F8",
      "g200": "#DFE4ED",
      "g300": "#D0D0D8",
      "g400": "#7B7B8E",
      "g500": "#13171C",
      "g600": "#F2F2F7",
      "p100": "#F6FAFB",
      "p200": "#FCF7F7",
      "p300": "#E25F6D",
      "p400": "#535858",
      "p500": "#020A0A",
      "white": "#FFFFFF",
    },
    "fontWeight": Object {
      "bold": Array [
        "font-weight:700;",
      ],
      "book": Array [
        "font-weight:400;",
      ],
      "demi": Array [
        "font-weight:600;",
      ],
      "medium": Array [
        "font-weight:500;",
      ],
    },
    "layer": Object {
      "hidden": -1,
      "mobileSocialFooter": 70,
      "modal": 100,
      "navbar": 50,
      "newQuoteButton": 45,
      "popup": 90,
      "select": 5,
      "slideOut": 1101,
      "tooltip": 60,
      "welcomeModal": 1301,
    },
    "overrides": Object {
      "button": Object {
        "borderRadius": "32px",
      },
    },
    "query": Object {
      "desktop": "(min-width: 1200px)",
      "dpr2x": "(min-resolution: 2dppx), (min-resolution: 192dpi)",
      "max": Object {
        "lg": "(max-width: 1199.98px)",
        "md": "(max-width: 767.98px)",
        "sm": "(max-width: -0.02px)",
        "solve": [Function],
        "tablet": "(max-width: 1199.98px)",
        "xs": "(max-width: -0.02px)",
      },
      "min": Object {
        "lg": "(min-width: 1200px)",
        "md": "(min-width: 768px)",
        "sm": "(min-width: 0px)",
        "solve": [Function],
        "tablet": "(min-width: 768px)",
        "xs": "(min-width: 0px)",
      },
      "mobile": "(max-width: 767.98px)",
      "mobileDpr2x": "(max-width: 767.98px) and (min-resolution: 2dppx), (max-width: 767.98px) and (min-resolution: 192dpi)",
      "tablet": "(min-width: 768px) and (max-width: 1199.98px)",
    },
    "typo": Object {
      "bodyL": Array [
        "font-size:",
        "20px",
        ";font-family:",
        "Poppins",
        ";line-height:",
        "150%",
        ";",
      ],
      "bodyM": Array [
        "font-size:",
        "16px",
        ";font-family:",
        "Poppins",
        ";line-height:",
        "150%",
        ";",
      ],
      "bodyS": Array [
        "font-size:",
        "14px",
        ";font-family:",
        "Poppins",
        ";line-height:",
        "150%",
        ";",
      ],
      "bodyXS": Array [
        "font-size:",
        "12px",
        ";font-family:",
        "Poppins",
        ";line-height:",
        "150%",
        ";",
      ],
      "displayL": Array [
        "font-size:",
        "36px",
        ";font-family:",
        "Poppins",
        ";line-height:",
        "150%",
        ";",
      ],
      "displayM": Array [
        "font-size:",
        "26px",
        ";font-family:",
        "Poppins",
        ";line-height:",
        "150%",
        ";",
      ],
      "displayXL": Array [
        "font-size:",
        "48px",
        ";font-family:",
        "Poppins",
        ";line-height:",
        "150%",
        ";",
      ],
      "displayXXL": Array [
        "font-size:",
        "64px",
        ";font-family:",
        "Poppins",
        ";line-height:",
        "150%",
        ";",
      ],
    },
  },
}
`;
