// Jest Snapshot v1, https://goo.gl/fbAQLP

exports[`<App /> should render and match the snapshot 1`] = `
<React.Fragment>
  <Switch>
    <Route
      component={[Function]}
      exact={true}
      path="/"
    />
    <Route
      component={[Function]}
      exact={true}
      path="/phone-login"
    />
    <Route
      component={[Function]}
      exact={true}
      path="/otp-input"
    />
    <Route
      component={[Function]}
      exact={true}
      path="/login-selection"
    />
    <Route
      component={[Function]}
      exact={true}
      path="/educational-screen"
    />
    <Route
      component={[Function]}
      exact={true}
      path="/prescription-upload"
    />
    <Route
      component={[Function]}
      exact={true}
      path="/review-prescription"
    />
    <Route
      component={[Function]}
      exact={true}
      path="/delivery"
    />
    <Route
      component={[Function]}
      exact={true}
      path="/prescriptions/:prescriptionNumber/delivery/introduction"
    />
    <Route
      component={[Function]}
      exact={true}
      path="/prescriptions/:prescriptionNumber/delivery/address-selection"
    />
    <Route
      component={[Function]}
      exact={true}
      path="/prescriptions/:prescriptionNumber/delivery/schedule-selection"
    />
    <Route
      component={[Function]}
      exact={true}
      path="/prescriptions/:prescriptionNumber/delivery/summary"
    />
    <Route
      component={[Function]}
      exact={true}
      path="/prescriptions/:prescriptionNumber/delivery/pharmacy-list"
    />
    <Route
      component={[Function]}
      exact={true}
      path="/orders/:orderId/payments"
    />
    <Route
      component={[Function]}
      exact={true}
      path="/orders/:orderId/payments/input"
    />
    <Route
      component={[Function]}
      exact={true}
      path="/orders/:orderId/payments/status"
    />
    <Route
      component={[Function]}
    />
  </Switch>
  <GlobalStyleComponent />
</React.Fragment>
`;
