// Jest Snapshot v1, https://goo.gl/fbAQLP

exports[`<PhoneLogin /> should render and match the snapshot 1`] = `
<div
  class="sc-bdVaJa bobLpI"
>
  <img
    class="sc-bwzfXH EbaDb"
    src="IMAGE_MOCK"
  />
  <div>
    <div
      class="sc-bxivhb hwfbJk"
    >
      <div
        class="sc-ifAKCX cVEaHc"
      >
        <h2
          class="MuiTypography-root MuiTypography-h2 css-1jfg05l-MuiTypography-root"
        >
          What’s your
        </h2>
        <h1
          class="MuiTypography-root MuiTypography-h1 css-qu1isr-MuiTypography-root"
        >
          mobile number?
        </h1>
      </div>
      <p
        class="MuiTypography-root MuiTypography-body1 sc-htpNat cGzPAa css-1reifv3-MuiTypography-root"
      >
        Please input the number registered with the clinic.
      </p>
    </div>
    <div
      class="root MuiFormControl-root styledComponents__FormControl-lwe1h6-0 jHalSF sc-EHOje hhbVXO css-1nrlq1o-MuiFormControl-root"
    >
      <div
        class="MuiFormControl-root MuiTextField-root css-1vly5ry-MuiFormControl-root-MuiTextField-root"
      >
        <label
          class="MuiInputLabel-root MuiInputLabel-formControl MuiInputLabel-animated MuiInputLabel-shrink MuiInputLabel-standard MuiFormLabel-root MuiFormLabel-colorPrimary css-1c2i806-MuiFormLabel-root-MuiInputLabel-root"
          data-shrink="true"
        >
          Mobile number
        </label>
        <div
          class="MuiInput-root MuiInput-underline MuiInputBase-root MuiInputBase-colorPrimary MuiInputBase-formControl css-1480iag-MuiInputBase-root-MuiInput-root"
        >
          <input
            aria-invalid="false"
            autocomplete=""
            class="MuiInput-input MuiInputBase-input css-1x51dt5-MuiInputBase-input-MuiInput-input"
            name=""
            placeholder="971xxxxxxxxx"
            type="tel"
            value=""
          />
        </div>
      </div>
      
    </div>
    <span
      class="MuiTypography-root MuiTypography-caption css-1393mlh-MuiTypography-root"
    >
      Having trouble logging in? 
    </span>
    <span
      class="MuiTypography-root MuiTypography-caption sc-htoDjs hfSoJt css-1393mlh-MuiTypography-root"
      data-testid="clickHere"
    >
      <a
        href="tel:9524389675346"
        id="contactSupport"
      >
        Click here 
      </a>
    </span>
  </div>
  <div
    class="sc-bZQynM bBsbja"
  >
    <button
      class="root StyledButton-sc-1apep4b-0 hPQGaD MuiButton-root MuiButton-contained MuiButton-containedPrimary MuiButton-sizeMedium MuiButton-containedSizeMedium MuiButtonBase-root Mui-disabled  css-sghohy-MuiButtonBase-root-MuiButton-root"
      data-testid="login-btn"
      disabled=""
      style="width: 100%;"
      tabindex="-1"
      type="button"
    >
      <div
        style="visibility: visible;"
      >
        Continue
      </div>
    </button>
    
  </div>
</div>
`;
