// Jest Snapshot v1, https://goo.gl/fbAQLP

exports[`<OTPInput /> should render and match the snapshot 1`] = `
<div
  class="sc-bdVaJa bIVtPI"
>
  <div>
    <h1
      class="MuiTypography-root MuiTypography-h1 spacing css-qu1isr-MuiTypography-root"
    >
      Enter the code we've sent to you
    </h1>
    <p
      class="MuiTypography-root MuiTypography-body1 spacing css-1reifv3-MuiTypography-root"
    >
      Enter the 6-digit code we just sent it to +971-xyz-xyzxx-xx
    </p>
    <div
      class="root MuiFormControl-root styledComponents__FormControl-lwe1h6-0 btsVJU otp-input sc-bwzfXH HxnVf css-1nrlq1o-MuiFormControl-root"
    >
      <div
        class="MuiFormControl-root MuiTextField-root css-1fwwy-MuiFormControl-root-MuiTextField-root"
      >
        <label
          class="MuiInputLabel-root MuiInputLabel-formControl MuiInputLabel-animated MuiInputLabel-shrink MuiInputLabel-standard MuiFormLabel-root MuiFormLabel-colorPrimary css-1c2i806-MuiFormLabel-root-MuiInputLabel-root"
          data-shrink="true"
        >
          verification code
        </label>
        <div
          class="MuiInput-root MuiInput-underline MuiInputBase-root MuiInputBase-colorPrimary MuiInputBase-formControl css-1480iag-MuiInputBase-root-MuiInput-root"
        >
          <input
            aria-invalid="false"
            autocomplete=""
            class="MuiInput-input MuiInputBase-input css-1x51dt5-MuiInputBase-input-MuiInput-input"
            name=""
            placeholder=""
            type="tel"
            value=""
          />
        </div>
      </div>
      
    </div>
    <p
      class="MuiTypography-root MuiTypography-body2 inline css-ry76j1-MuiTypography-root"
    >
      Didn't receive code ? 
    </p>
    <p
      class="MuiTypography-root MuiTypography-body2 inline css-ry76j1-MuiTypography-root"
      data-testid="counter-value"
    >
      Resend in 60s
    </p>
    
  </div>
  <div
    class="btn-container"
  >
    <button
      class="root StyledButton-sc-1apep4b-0 hPQGaD MuiButton-root MuiButton-contained MuiButton-containedPrimary MuiButton-sizeMedium MuiButton-containedSizeMedium MuiButtonBase-root Mui-disabled  css-sghohy-MuiButtonBase-root-MuiButton-root"
      data-testid="nextButton"
      disabled=""
      tabindex="-1"
      type="button"
    >
      <div
        style="visibility: visible;"
      >
        Next
      </div>
    </button>
    
  </div>
</div>
`;
